<?php return array (
  0 => 'Symfony\\Bundle\\FrameworkBundle\\EventListener\\SessionListener',
  1 => 'Symfony\\Component\\HttpFoundation\\Session\\Storage\\NativeSessionStorage',
  2 => 'Symfony\\Component\\HttpFoundation\\Session\\Storage\\PhpBridgeSessionStorage',
  3 => 'Symfony\\Component\\HttpFoundation\\Session\\Storage\\Handler\\NativeFileSessionHandler',
  4 => 'Symfony\\Component\\HttpFoundation\\Session\\Storage\\Proxy\\AbstractProxy',
  5 => 'Symfony\\Component\\HttpFoundation\\Session\\Storage\\Proxy\\SessionHandlerProxy',
  6 => 'Symfony\\Component\\HttpFoundation\\Session\\Session',
  8 => 'Symfony\\Bundle\\FrameworkBundle\\Templating\\GlobalVariables',
  9 => 'Symfony\\Bundle\\FrameworkBundle\\Templating\\TemplateReference',
  10 => 'Symfony\\Bundle\\FrameworkBundle\\Templating\\TemplateNameParser',
  11 => 'Symfony\\Bundle\\FrameworkBundle\\Templating\\Loader\\TemplateLocator',
  12 => 'Symfony\\Component\\Routing\\Generator\\UrlGenerator',
  13 => 'Symfony\\Component\\Routing\\RequestContext',
  14 => 'Symfony\\Component\\Routing\\Router',
  15 => 'Symfony\\Bundle\\FrameworkBundle\\Routing\\RedirectableUrlMatcher',
  16 => 'Symfony\\Bundle\\FrameworkBundle\\Routing\\Router',
  17 => 'Symfony\\Component\\Config\\FileLocator',
  18 => 'Symfony\\Component\\Debug\\ErrorHandler',
  19 => 'Symfony\\Component\\EventDispatcher\\Event',
  20 => 'Symfony\\Component\\EventDispatcher\\ContainerAwareEventDispatcher',
  21 => 'Symfony\\Component\\HttpKernel\\EventListener\\ResponseListener',
  22 => 'Symfony\\Component\\HttpKernel\\EventListener\\RouterListener',
  23 => 'Symfony\\Component\\HttpKernel\\Controller\\ControllerResolver',
  24 => 'Symfony\\Component\\HttpKernel\\Event\\KernelEvent',
  25 => 'Symfony\\Component\\HttpKernel\\Event\\FilterControllerEvent',
  26 => 'Symfony\\Component\\HttpKernel\\Event\\FilterResponseEvent',
  27 => 'Symfony\\Component\\HttpKernel\\Event\\GetResponseEvent',
  28 => 'Symfony\\Component\\HttpKernel\\Event\\GetResponseForControllerResultEvent',
  29 => 'Symfony\\Component\\HttpKernel\\Event\\GetResponseForExceptionEvent',
  30 => 'Symfony\\Component\\HttpKernel\\KernelEvents',
  31 => 'Symfony\\Component\\HttpKernel\\Config\\FileLocator',
  32 => 'Symfony\\Bundle\\FrameworkBundle\\Controller\\ControllerNameParser',
  33 => 'Symfony\\Bundle\\FrameworkBundle\\Controller\\ControllerResolver',
  34 => 'Symfony\\Component\\Security\\Http\\AccessMap',
  35 => 'Symfony\\Component\\Security\\Http\\Firewall',
  36 => 'Symfony\\Component\\Security\\Core\\SecurityContext',
  37 => 'Symfony\\Component\\Security\\Core\\User\\UserProviderInterface',
  38 => 'Symfony\\Component\\Security\\Core\\Authentication\\AuthenticationProviderManager',
  39 => 'Symfony\\Component\\Security\\Core\\Authentication\\Token\\Storage\\TokenStorage',
  40 => 'Symfony\\Component\\Security\\Core\\Authorization\\AccessDecisionManager',
  41 => 'Symfony\\Component\\Security\\Core\\Authorization\\AuthorizationChecker',
  42 => 'Symfony\\Component\\Security\\Core\\Authorization\\Voter\\VoterInterface',
  43 => 'Symfony\\Bundle\\SecurityBundle\\Security\\FirewallMap',
  44 => 'Symfony\\Bundle\\SecurityBundle\\Security\\FirewallContext',
  45 => 'Symfony\\Component\\HttpFoundation\\RequestMatcher',
  46 => 'Twig_Environment',
  47 => 'Twig_Extension',
  48 => 'Twig_Extension_Core',
  49 => 'Twig_Extension_Escaper',
  50 => 'Twig_Extension_Optimizer',
  51 => 'Twig_LoaderInterface',
  52 => 'Twig_Markup',
  53 => 'Twig_Template',
  54 => 'Monolog\\Formatter\\FormatterInterface',
  55 => 'Monolog\\Formatter\\LineFormatter',
  56 => 'Monolog\\Handler\\HandlerInterface',
  57 => 'Monolog\\Handler\\AbstractHandler',
  58 => 'Monolog\\Handler\\AbstractProcessingHandler',
  59 => 'Monolog\\Handler\\StreamHandler',
  60 => 'Monolog\\Handler\\FingersCrossedHandler',
  61 => 'Monolog\\Handler\\FilterHandler',
  62 => 'Monolog\\Handler\\TestHandler',
  63 => 'Monolog\\Logger',
  64 => 'Symfony\\Bridge\\Monolog\\Logger',
  65 => 'Symfony\\Bridge\\Monolog\\Handler\\DebugHandler',
  66 => 'Monolog\\Handler\\FingersCrossed\\ActivationStrategyInterface',
  67 => 'Monolog\\Handler\\FingersCrossed\\ErrorLevelActivationStrategy',
  68 => 'Sensio\\Bundle\\FrameworkExtraBundle\\EventListener\\ControllerListener',
  69 => 'Sensio\\Bundle\\FrameworkExtraBundle\\EventListener\\ParamConverterListener',
  70 => 'Sensio\\Bundle\\FrameworkExtraBundle\\Request\\ParamConverter\\DateTimeParamConverter',
  71 => 'Sensio\\Bundle\\FrameworkExtraBundle\\Request\\ParamConverter\\DoctrineParamConverter',
  72 => 'Sensio\\Bundle\\FrameworkExtraBundle\\Request\\ParamConverter\\ParamConverterInterface',
  73 => 'Sensio\\Bundle\\FrameworkExtraBundle\\Request\\ParamConverter\\ParamConverterManager',
  74 => 'Sensio\\Bundle\\FrameworkExtraBundle\\EventListener\\CacheListener',
  75 => 'Sensio\\Bundle\\FrameworkExtraBundle\\Configuration\\ConfigurationAnnotation',
  76 => 'Symfony\\Bundle\\AsseticBundle\\DefaultValueSupplier',
  77 => 'Symfony\\Bundle\\AsseticBundle\\Factory\\AssetFactory',
  78 => 'Doctrine\\Common\\Annotations\\DocLexer',
  79 => 'Doctrine\\Common\\Annotations\\FileCacheReader',
  80 => 'Doctrine\\Common\\Annotations\\PhpParser',
  81 => 'Doctrine\\Common\\Annotations\\Reader',
  82 => 'Doctrine\\Common\\Lexer',
  83 => 'Doctrine\\Common\\Persistence\\ConnectionRegistry',
  84 => 'Doctrine\\Common\\Persistence\\Proxy',
  85 => 'Doctrine\\Common\\Util\\ClassUtils',
  86 => 'Doctrine\\Bundle\\DoctrineBundle\\Registry',
  87 => 'Sonata\\PageBundle\\Block\\ChildrenPagesBlockService',
  88 => 'Sonata\\PageBundle\\Block\\ContainerBlockService',
  89 => 'Sonata\\PageBundle\\Cache\\BlockEsiCache',
  90 => 'Sonata\\PageBundle\\Cache\\BlockJsCache',
  91 => 'Sonata\\PageBundle\\Cache\\BlockSsiCache',
  92 => 'Sonata\\PageBundle\\CmsManager\\BaseCmsPageManager',
  93 => 'Sonata\\PageBundle\\CmsManager\\CmsManagerInterface',
  94 => 'Sonata\\PageBundle\\CmsManager\\CmsManagerSelector',
  95 => 'Sonata\\PageBundle\\CmsManager\\CmsManagerSelectorInterface',
  96 => 'Sonata\\PageBundle\\CmsManager\\CmsPageManager',
  97 => 'Sonata\\PageBundle\\CmsManager\\CmsSnapshotManager',
  98 => 'Sonata\\PageBundle\\CmsManager\\DecoratorStrategy',
  99 => 'Sonata\\PageBundle\\CmsManager\\DecoratorStrategyInterface',
  100 => 'Sonata\\PageBundle\\Entity\\BaseBlock',
  101 => 'Sonata\\PageBundle\\Entity\\BasePage',
  102 => 'Sonata\\PageBundle\\Entity\\BaseSite',
  103 => 'Sonata\\PageBundle\\Entity\\BaseSnapshot',
  104 => 'Sonata\\PageBundle\\Entity\\BlockInteractor',
  105 => 'Sonata\\PageBundle\\Entity\\BlockManager',
  106 => 'Sonata\\PageBundle\\Entity\\PageManager',
  107 => 'Sonata\\PageBundle\\Entity\\SiteManager',
  108 => 'Sonata\\PageBundle\\Entity\\SnapshotManager',
  109 => 'Sonata\\PageBundle\\Entity\\Transformer',
  110 => 'Sonata\\PageBundle\\Generator\\Mustache',
  111 => 'Sonata\\PageBundle\\Listener\\ExceptionListener',
  112 => 'Sonata\\PageBundle\\Listener\\RequestListener',
  113 => 'Sonata\\PageBundle\\Listener\\ResponseListener',
  114 => 'Sonata\\PageBundle\\Model\\Block',
  115 => 'Sonata\\PageBundle\\Model\\BlockInteractorInterface',
  116 => 'Sonata\\PageBundle\\Model\\Page',
  117 => 'Sonata\\PageBundle\\Model\\PageBlockInterface',
  118 => 'Sonata\\PageBundle\\Model\\PageInterface',
  119 => 'Sonata\\PageBundle\\Model\\PageManagerInterface',
  120 => 'Sonata\\PageBundle\\Model\\Site',
  121 => 'Sonata\\PageBundle\\Model\\SiteInterface',
  122 => 'Sonata\\PageBundle\\Model\\SiteManagerInterface',
  123 => 'Sonata\\PageBundle\\Model\\Snapshot',
  124 => 'Sonata\\PageBundle\\Model\\SnapshotChildrenCollection',
  125 => 'Sonata\\PageBundle\\Model\\SnapshotInterface',
  126 => 'Sonata\\PageBundle\\Model\\SnapshotManagerInterface',
  127 => 'Sonata\\PageBundle\\Model\\SnapshotPageProxy',
  128 => 'Sonata\\PageBundle\\Model\\Template',
  129 => 'Sonata\\PageBundle\\Page\\PageServiceManager',
  130 => 'Sonata\\PageBundle\\Page\\PageServiceManagerInterface',
  131 => 'Sonata\\PageBundle\\Page\\Service\\BasePageService',
  132 => 'Sonata\\PageBundle\\Page\\Service\\DefaultPageService',
  133 => 'Sonata\\PageBundle\\Page\\Service\\PageServiceInterface',
  134 => 'Sonata\\PageBundle\\Page\\TemplateManager',
  135 => 'Sonata\\PageBundle\\Page\\TemplateManagerInterface',
  136 => 'Sonata\\PageBundle\\Request\\SiteRequest',
  137 => 'Sonata\\PageBundle\\Request\\SiteRequestContext',
  138 => 'Sonata\\PageBundle\\Request\\SiteRequestInterface',
  139 => 'Sonata\\PageBundle\\Route\\CmsPageRouter',
  140 => 'Sonata\\PageBundle\\Site\\BaseSiteSelector',
  141 => 'Sonata\\PageBundle\\Site\\HostPathSiteSelector',
  142 => 'Sonata\\PageBundle\\Site\\HostSiteSelector',
  143 => 'Sonata\\PageBundle\\Site\\SiteSelectorInterface',
  144 => 'Sonata\\PageBundle\\Twig\\Extension\\PageExtension',
  145 => 'Sonata\\PageBundle\\Twig\\GlobalVariables',
  146 => 'Sonata\\MediaBundle\\CDN\\CDNInterface',
  147 => 'Sonata\\MediaBundle\\CDN\\Fallback',
  148 => 'Sonata\\MediaBundle\\CDN\\PantherPortal',
  149 => 'Sonata\\MediaBundle\\CDN\\Server',
  150 => 'Sonata\\MediaBundle\\Extra\\Pixlr',
  151 => 'Sonata\\MediaBundle\\Filesystem\\Local',
  152 => 'Sonata\\MediaBundle\\Filesystem\\Replicate',
  153 => 'Sonata\\MediaBundle\\Generator\\DefaultGenerator',
  154 => 'Sonata\\MediaBundle\\Generator\\GeneratorInterface',
  155 => 'Sonata\\MediaBundle\\Generator\\ODMGenerator',
  156 => 'Sonata\\MediaBundle\\Generator\\PHPCRGenerator',
  157 => 'Sonata\\MediaBundle\\Metadata\\AmazonMetadataBuilder',
  158 => 'Sonata\\MediaBundle\\Metadata\\MetadataBuilderInterface',
  159 => 'Sonata\\MediaBundle\\Metadata\\NoopMetadataBuilder',
  160 => 'Sonata\\MediaBundle\\Metadata\\ProxyMetadataBuilder',
  161 => 'Sonata\\MediaBundle\\Model\\Gallery',
  162 => 'Sonata\\MediaBundle\\Model\\GalleryHasMedia',
  163 => 'Sonata\\MediaBundle\\Model\\GalleryHasMediaInterface',
  164 => 'Sonata\\MediaBundle\\Model\\GalleryInterface',
  165 => 'Sonata\\MediaBundle\\Model\\GalleryManager',
  166 => 'Sonata\\MediaBundle\\Model\\GalleryManagerInterface',
  167 => 'Sonata\\MediaBundle\\Model\\Media',
  168 => 'Sonata\\MediaBundle\\Model\\MediaInterface',
  169 => 'Sonata\\MediaBundle\\Model\\MediaManagerInterface',
  170 => 'Sonata\\MediaBundle\\Provider\\BaseProvider',
  171 => 'Sonata\\MediaBundle\\Provider\\BaseVideoProvider',
  172 => 'Sonata\\MediaBundle\\Provider\\DailyMotionProvider',
  173 => 'Sonata\\MediaBundle\\Provider\\FileProvider',
  174 => 'Sonata\\MediaBundle\\Provider\\ImageProvider',
  175 => 'Sonata\\MediaBundle\\Provider\\MediaProviderInterface',
  176 => 'Sonata\\MediaBundle\\Provider\\Pool',
  177 => 'Sonata\\MediaBundle\\Provider\\VimeoProvider',
  178 => 'Sonata\\MediaBundle\\Provider\\YouTubeProvider',
  179 => 'Sonata\\MediaBundle\\Resizer\\ResizerInterface',
  180 => 'Sonata\\MediaBundle\\Resizer\\SimpleResizer',
  181 => 'Sonata\\MediaBundle\\Resizer\\SquareResizer',
  182 => 'Sonata\\MediaBundle\\Security\\DownloadStrategyInterface',
  183 => 'Sonata\\MediaBundle\\Security\\ForbiddenDownloadStrategy',
  184 => 'Sonata\\MediaBundle\\Security\\PublicDownloadStrategy',
  185 => 'Sonata\\MediaBundle\\Security\\RolesDownloadStrategy',
  186 => 'Sonata\\MediaBundle\\Security\\SessionDownloadStrategy',
  187 => 'Sonata\\MediaBundle\\Templating\\Helper\\MediaHelper',
  188 => 'Sonata\\MediaBundle\\Thumbnail\\ConsumerThumbnail',
  189 => 'Sonata\\MediaBundle\\Thumbnail\\FormatThumbnail',
  190 => 'Sonata\\MediaBundle\\Thumbnail\\ThumbnailInterface',
  191 => 'Sonata\\MediaBundle\\Twig\\Extension\\MediaExtension',
  192 => 'Sonata\\MediaBundle\\Twig\\Node\\MediaNode',
  193 => 'Sonata\\MediaBundle\\Twig\\Node\\PathNode',
  194 => 'Sonata\\MediaBundle\\Twig\\Node\\ThumbnailNode',
  195 => 'Sonata\\AdminBundle\\Admin\\Admin',
  196 => 'Sonata\\AdminBundle\\Admin\\AdminExtension',
  197 => 'Sonata\\AdminBundle\\Admin\\AdminExtensionInterface',
  198 => 'Sonata\\AdminBundle\\Admin\\AdminHelper',
  199 => 'Sonata\\AdminBundle\\Admin\\AdminInterface',
  200 => 'Sonata\\AdminBundle\\Admin\\BaseFieldDescription',
  201 => 'Sonata\\AdminBundle\\Admin\\FieldDescriptionCollection',
  202 => 'Sonata\\AdminBundle\\Admin\\FieldDescriptionInterface',
  203 => 'Sonata\\AdminBundle\\Admin\\Pool',
  204 => 'Sonata\\AdminBundle\\Block\\AdminListBlockService',
  205 => 'Sonata\\AdminBundle\\Builder\\DatagridBuilderInterface',
  206 => 'Sonata\\AdminBundle\\Builder\\FormContractorInterface',
  207 => 'Sonata\\AdminBundle\\Builder\\ListBuilderInterface',
  208 => 'Sonata\\AdminBundle\\Builder\\RouteBuilderInterface',
  209 => 'Sonata\\AdminBundle\\Builder\\ShowBuilderInterface',
  210 => 'Sonata\\AdminBundle\\Datagrid\\Datagrid',
  211 => 'Sonata\\AdminBundle\\Datagrid\\DatagridInterface',
  212 => 'Sonata\\AdminBundle\\Datagrid\\DatagridMapper',
  213 => 'Sonata\\AdminBundle\\Datagrid\\ListMapper',
  214 => 'Sonata\\AdminBundle\\Datagrid\\Pager',
  215 => 'Sonata\\AdminBundle\\Datagrid\\PagerInterface',
  216 => 'Sonata\\AdminBundle\\Datagrid\\ProxyQueryInterface',
  217 => 'Sonata\\AdminBundle\\Exception\\ModelManagerException',
  218 => 'Sonata\\AdminBundle\\Exception\\NoValueException',
  219 => 'Sonata\\AdminBundle\\Export\\Exporter',
  220 => 'Sonata\\AdminBundle\\Filter\\Filter',
  221 => 'Sonata\\AdminBundle\\Filter\\FilterFactory',
  222 => 'Sonata\\AdminBundle\\Filter\\FilterFactoryInterface',
  223 => 'Sonata\\AdminBundle\\Filter\\FilterInterface',
  224 => 'Sonata\\AdminBundle\\Form\\ChoiceList\\ModelChoiceList',
  225 => 'Sonata\\AdminBundle\\Form\\DataTransformer\\ArrayToModelTransformer',
  226 => 'Sonata\\AdminBundle\\Form\\DataTransformer\\ModelsToArrayTransformer',
  227 => 'Sonata\\AdminBundle\\Form\\DataTransformer\\ModelToIdTransformer',
  228 => 'Sonata\\AdminBundle\\Form\\EventListener\\MergeCollectionListener',
  229 => 'Sonata\\AdminBundle\\Form\\Extension\\Field\\Type\\FormTypeFieldExtension',
  230 => 'Sonata\\AdminBundle\\Form\\FormMapper',
  231 => 'Sonata\\AdminBundle\\Form\\Type\\AdminType',
  232 => 'Sonata\\AdminBundle\\Form\\Type\\Filter\\ChoiceType',
  233 => 'Sonata\\AdminBundle\\Form\\Type\\Filter\\DateRangeType',
  234 => 'Sonata\\AdminBundle\\Form\\Type\\Filter\\DateTimeRangeType',
  235 => 'Sonata\\AdminBundle\\Form\\Type\\Filter\\DateTimeType',
  236 => 'Sonata\\AdminBundle\\Form\\Type\\Filter\\DateType',
  237 => 'Sonata\\AdminBundle\\Form\\Type\\Filter\\DefaultType',
  238 => 'Sonata\\AdminBundle\\Form\\Type\\Filter\\NumberType',
  239 => 'Sonata\\AdminBundle\\Form\\Type\\ModelReferenceType',
  240 => 'Sonata\\AdminBundle\\Form\\Type\\ModelType',
  241 => 'Sonata\\AdminBundle\\Form\\Type\\ModelTypeList',
  242 => 'Sonata\\AdminBundle\\Guesser\\TypeGuesserChain',
  243 => 'Sonata\\AdminBundle\\Guesser\\TypeGuesserInterface',
  244 => 'Sonata\\AdminBundle\\Model\\AuditManager',
  245 => 'Sonata\\AdminBundle\\Model\\AuditManagerInterface',
  246 => 'Sonata\\AdminBundle\\Model\\AuditReaderInterface',
  247 => 'Sonata\\AdminBundle\\Model\\ModelManagerInterface',
  248 => 'Sonata\\AdminBundle\\Route\\AdminPoolLoader',
  249 => 'Sonata\\AdminBundle\\Route\\DefaultRouteGenerator',
  250 => 'Sonata\\AdminBundle\\Route\\PathInfoBuilder',
  251 => 'Sonata\\AdminBundle\\Route\\QueryStringBuilder',
  252 => 'Sonata\\AdminBundle\\Route\\RouteCollection',
  253 => 'Sonata\\AdminBundle\\Route\\RouteGeneratorInterface',
  254 => 'Sonata\\AdminBundle\\Security\\Acl\\Permission\\AdminPermissionMap',
  255 => 'Sonata\\AdminBundle\\Security\\Acl\\Permission\\MaskBuilder',
  256 => 'Sonata\\AdminBundle\\Security\\Handler\\AclSecurityHandler',
  257 => 'Sonata\\AdminBundle\\Security\\Handler\\AclSecurityHandlerInterface',
  258 => 'Sonata\\AdminBundle\\Security\\Handler\\NoopSecurityHandler',
  259 => 'Sonata\\AdminBundle\\Security\\Handler\\RoleSecurityHandler',
  260 => 'Sonata\\AdminBundle\\Security\\Handler\\SecurityHandlerInterface',
  261 => 'Sonata\\AdminBundle\\Show\\ShowMapper',
  262 => 'Sonata\\AdminBundle\\Translator\\BCLabelTranslatorStrategy',
  263 => 'Sonata\\AdminBundle\\Translator\\FormLabelTranslatorStrategy',
  264 => 'Sonata\\AdminBundle\\Translator\\LabelTranslatorStrategyInterface',
  265 => 'Sonata\\AdminBundle\\Translator\\NativeLabelTranslatorStrategy',
  266 => 'Sonata\\AdminBundle\\Translator\\NoopLabelTranslatorStrategy',
  267 => 'Sonata\\AdminBundle\\Translator\\UnderscoreLabelTranslatorStrategy',
  268 => 'Sonata\\AdminBundle\\Twig\\Extension\\SonataAdminExtension',
  269 => 'Sonata\\AdminBundle\\Util\\AdminAclManipulator',
  270 => 'Sonata\\AdminBundle\\Util\\AdminAclManipulatorInterface',
  271 => 'Sonata\\AdminBundle\\Util\\FormBuilderIterator',
  272 => 'Sonata\\AdminBundle\\Util\\FormViewIterator',
  273 => 'Sonata\\AdminBundle\\Util\\ObjectAclManipulator',
  274 => 'Sonata\\AdminBundle\\Util\\ObjectAclManipulatorInterface',
  275 => 'Sonata\\AdminBundle\\Validator\\Constraints\\InlineConstraint',
  276 => 'Sonata\\AdminBundle\\Validator\\ErrorElement',
  277 => 'Sonata\\AdminBundle\\Validator\\InlineValidator',
  278 => 'Sonata\\CoreBundle\\Form\\Type\\BooleanType',
  279 => 'Sonata\\CoreBundle\\Form\\Type\\CollectionType',
  280 => 'Sonata\\CoreBundle\\Form\\Type\\DateRangeType',
  281 => 'Sonata\\CoreBundle\\Form\\Type\\DateTimeRangeType',
  282 => 'Sonata\\CoreBundle\\Form\\Type\\EqualType',
  283 => 'Sonata\\CoreBundle\\Form\\Type\\ImmutableArrayType',
  284 => 'Sonata\\CoreBundle\\Form\\Type\\TranslatableChoiceType',
  285 => 'Sonata\\BlockBundle\\Block\\BaseBlockService',
  286 => 'Sonata\\BlockBundle\\Block\\BlockLoaderChain',
  287 => 'Sonata\\BlockBundle\\Block\\BlockLoaderInterface',
  288 => 'Sonata\\BlockBundle\\Block\\BlockRenderer',
  289 => 'Sonata\\BlockBundle\\Block\\BlockRendererInterface',
  290 => 'Sonata\\BlockBundle\\Block\\BlockServiceInterface',
  291 => 'Sonata\\BlockBundle\\Block\\BlockServiceManager',
  292 => 'Sonata\\BlockBundle\\Block\\BlockServiceManagerInterface',
  293 => 'Sonata\\BlockBundle\\Block\\Loader\\ServiceLoader',
  294 => 'Sonata\\BlockBundle\\Block\\Service\\EmptyBlockService',
  295 => 'Sonata\\BlockBundle\\Block\\Service\\RssBlockService',
  296 => 'Sonata\\BlockBundle\\Block\\Service\\MenuBlockService',
  297 => 'Sonata\\BlockBundle\\Block\\Service\\TextBlockService',
  298 => 'Sonata\\BlockBundle\\Exception\\BlockExceptionInterface',
  299 => 'Sonata\\BlockBundle\\Exception\\BlockNotFoundException',
  300 => 'Sonata\\BlockBundle\\Exception\\Filter\\DebugOnlyFilter',
  301 => 'Sonata\\BlockBundle\\Exception\\Filter\\FilterInterface',
  302 => 'Sonata\\BlockBundle\\Exception\\Filter\\IgnoreClassFilter',
  303 => 'Sonata\\BlockBundle\\Exception\\Filter\\KeepAllFilter',
  304 => 'Sonata\\BlockBundle\\Exception\\Filter\\KeepNoneFilter',
  305 => 'Sonata\\BlockBundle\\Exception\\Renderer\\InlineDebugRenderer',
  306 => 'Sonata\\BlockBundle\\Exception\\Renderer\\InlineRenderer',
  307 => 'Sonata\\BlockBundle\\Exception\\Renderer\\MonkeyThrowRenderer',
  308 => 'Sonata\\BlockBundle\\Exception\\Renderer\\RendererInterface',
  309 => 'Sonata\\BlockBundle\\Exception\\Strategy\\StrategyManager',
  310 => 'Sonata\\BlockBundle\\Exception\\Strategy\\StrategyManagerInterface',
  311 => 'Sonata\\BlockBundle\\Form\\Type\\ServiceListType',
  312 => 'Sonata\\BlockBundle\\Model\\BaseBlock',
  313 => 'Sonata\\BlockBundle\\Model\\Block',
  314 => 'Sonata\\BlockBundle\\Model\\BlockInterface',
  315 => 'Sonata\\BlockBundle\\Model\\BlockManagerInterface',
  316 => 'Sonata\\BlockBundle\\Model\\EmptyBlock',
  317 => 'Sonata\\BlockBundle\\Twig\\Extension\\BlockExtension',
  318 => 'Sonata\\BlockBundle\\Twig\\GlobalVariables',
  319 => 'Sonata\\SeoBundle\\Seo\\SeoPage',
  320 => 'Sonata\\SeoBundle\\Seo\\SeoPageInterface',
  321 => 'Sonata\\SeoBundle\\Sitemap\\SourceManager',
  322 => 'Sonata\\SeoBundle\\Twig\\Extension\\SeoExtension',
);